// Jest Snapshot v1, https://goo.gl/fbAQLP

exports[`prompts rtl render component should be rendered correctly in RTL direction 1`] = `
<div
  class="ant-prompts ant-prompts-rtl"
>
  <div
    class="ant-prompts-list"
  />
</div>
`;
