// Jest Snapshot v1, https://goo.gl/fbAQLP

exports[`Sender Component loading state 1`] = `
<DocumentFragment>
  <div
    class="ant-sender"
  >
    <div
      class="ant-sender-content"
    >
      <textarea
        class="ant-input ant-input-borderless ant-sender-input"
      />
      <div
        class="ant-sender-actions-list"
      >
        <div
          class="ant-sender-actions-list-presets flex"
        >
          <button
            class="ant-btn ant-btn-circle ant-btn-text ant-sender-actions-btn ant-sender-actions-btn-loading-button"
            color="primary"
            type="button"
          >
            <svg
              class="ant-sender-actions-btn-loading-icon"
              color="currentColor"
              viewBox="0 0 1000 1000"
              xmlns="http://www.w3.org/2000/svg"
            >
              <title>
                Stop Loading
              </title>
              <rect
                fill="currentColor"
                height="250"
                rx="24"
                ry="24"
                width="250"
                x="375"
                y="375"
              />
              <circle
                cx="500"
                cy="500"
                fill="none"
                opacity="0.45"
                r="450"
                stroke="currentColor"
                stroke-width="100"
              />
              <circle
                cx="500"
                cy="500"
                fill="none"
                r="450"
                stroke="currentColor"
                stroke-dasharray="600 9999999"
                stroke-width="100"
              >
                <animatetransform
                  attributeName="transform"
                  dur="1s"
                  from="0 500 500"
                  repeatCount="indefinite"
                  to="360 500 500"
                  type="rotate"
                />
              </circle>
            </svg>
          </button>
        </div>
      </div>
    </div>
  </div>
</DocumentFragment>
`;
