// Jest Snapshot v1, https://goo.gl/fbAQLP

exports[`XProvider Component rtl render component should be rendered correctly in RTL direction 1`] = `null`;
